[appstack.bootlab.io/dashboard-analytics.html]
[backblue.gif]
[fade.gif]
[index.html]
[appstack.bootlab.io/img/favicon.ico]
[appstack.bootlab.io/css/light.css]
[appstack.bootlab.io/js/settings.js]
[appstack.bootlab.io/index.html]
[appstack.bootlab.io/dashboard-default.html]
[appstack.bootlab.io/dashboard-saas.html]
[appstack.bootlab.io/dashboard-social.html]
[appstack.bootlab.io/dashboard-crypto.html]
[appstack.bootlab.io/pages-profile.html]
[appstack.bootlab.io/pages-settings.html]
[appstack.bootlab.io/pages-clients.html]
[appstack.bootlab.io/pages-projects-list.html]
[appstack.bootlab.io/pages-projects-detail.html]
[appstack.bootlab.io/pages-invoice.html]
[appstack.bootlab.io/pages-pricing.html]
[appstack.bootlab.io/pages-tasks.html]
[appstack.bootlab.io/pages-chat.html]
[appstack.bootlab.io/pages-blank.html]
[appstack.bootlab.io/pages-sign-in.html]
[appstack.bootlab.io/pages-sign-up.html]
[appstack.bootlab.io/pages-reset-password.html]
[appstack.bootlab.io/pages-404.html]
[appstack.bootlab.io/pages-500.html]
[appstack.bootlab.io/docs-introduction.html]
[appstack.bootlab.io/docs-installation.html]
[appstack.bootlab.io/docs-customization.html]
[appstack.bootlab.io/docs-plugins.html]
[appstack.bootlab.io/docs-changelog.html]
[appstack.bootlab.io/ui-alerts.html]
[appstack.bootlab.io/ui-buttons.html]
[appstack.bootlab.io/ui-cards.html]
[appstack.bootlab.io/ui-carousel.html]
[appstack.bootlab.io/ui-embed-video.html]
[appstack.bootlab.io/ui-general.html]
[appstack.bootlab.io/ui-grid.html]
[appstack.bootlab.io/ui-modals.html]
[appstack.bootlab.io/ui-offcanvas.html]
[appstack.bootlab.io/ui-placeholders.html]
[appstack.bootlab.io/ui-tabs.html]
[appstack.bootlab.io/ui-typography.html]
[appstack.bootlab.io/icons-feather.html]
[appstack.bootlab.io/icons-font-awesome.html]
[appstack.bootlab.io/forms-layouts.html]
[appstack.bootlab.io/forms-basic-inputs.html]
[appstack.bootlab.io/forms-input-groups.html]
[appstack.bootlab.io/forms-floating-labels.html]
[appstack.bootlab.io/tables-bootstrap.html]
[appstack.bootlab.io/forms-advanced-inputs.html]
[appstack.bootlab.io/forms-editors.html]
[appstack.bootlab.io/forms-validation.html]
[appstack.bootlab.io/forms-wizard.html]
[appstack.bootlab.io/tables-datatables-responsive.html]
[appstack.bootlab.io/tables-datatables-buttons.html]
[appstack.bootlab.io/tables-datatables-column-search.html]
[appstack.bootlab.io/tables-datatables-fixed-header.html]
[appstack.bootlab.io/tables-datatables-multi.html]
[appstack.bootlab.io/tables-datatables-ajax.html]
[appstack.bootlab.io/charts-chartjs.html]
[appstack.bootlab.io/charts-apexcharts.html]
[appstack.bootlab.io/notifications.html]
[appstack.bootlab.io/maps-google.html]
[appstack.bootlab.io/maps-vector.html]
[appstack.bootlab.io/calendar.html]
[appstack.bootlab.io/img/avatars/avatar-5.jpg]
[appstack.bootlab.io/img/avatars/avatar-2.jpg]
[appstack.bootlab.io/img/avatars/avatar-4.jpg]
[appstack.bootlab.io/img/avatars/avatar-3.jpg]
[appstack.bootlab.io/img/flags/us.png]
[appstack.bootlab.io/img/flags/es.png]
[appstack.bootlab.io/img/flags/de.png]
[appstack.bootlab.io/img/flags/nl.png]
[appstack.bootlab.io/img/avatars/avatar.jpg]
[appstack.bootlab.io/img/illustrations/searching.png]
[appstack.bootlab.io/dashboard-analytics.html]
[appstack.bootlab.io/index-2.html]
[appstack.bootlab.io/js/app.js]
[appstack.bootlab.io/fonts/fa-brands-400.woff2]
[appstack.bootlab.io/fonts/fa-brands-400.ttf]
[appstack.bootlab.io/fonts/fa-regular-400.woff2]
[appstack.bootlab.io/fonts/fa-regular-400.ttf]
[appstack.bootlab.io/fonts/fa-solid-900.woff2]
[appstack.bootlab.io/fonts/fa-solid-900.ttf]
[appstack.bootlab.io/css/light.css]
[appstack.bootlab.io/img/screenshots/mixed.jpg]
[appstack.bootlab.io/dashboard-defaultd976.html]
[appstack.bootlab.io/img/screenshots/theme-default.jpg]
[appstack.bootlab.io/dashboard-defaultc765.html]
[appstack.bootlab.io/img/screenshots/sidebar-compact.jpg]
[appstack.bootlab.io/dashboard-default4965.html]
[appstack.bootlab.io/img/screenshots/theme-dark.jpg]
[appstack.bootlab.io/dashboard-defaultc7f2.html]
[appstack.bootlab.io/img/screenshots/theme-colored.jpg]
[appstack.bootlab.io/dashboard-default6a08.html]
[appstack.bootlab.io/img/screenshots/theme-light.jpg]
[appstack.bootlab.io/dashboard-default6534.html]
[appstack.bootlab.io/img/screenshots/sidebar-right.jpg]
[appstack.bootlab.io/img/brands/bootstrap.svg]
[appstack.bootlab.io/img/screenshots/dashboard-default.jpg]
[appstack.bootlab.io/img/screenshots/dashboard-analytics.jpg]
[appstack.bootlab.io/img/screenshots/dashboard-saas.jpg]
[appstack.bootlab.io/img/screenshots/dashboard-social.jpg]
[appstack.bootlab.io/img/screenshots/dashboard-crypto.jpg]
[appstack.bootlab.io/img/screenshots/pages-projects-list.jpg]
[appstack.bootlab.io/index.html]
[appstack.bootlab.io/img/illustrations/customer-support.png]
[appstack.bootlab.io/dashboard-default.html]
[appstack.bootlab.io/img/illustrations/social.png]
[appstack.bootlab.io/dashboard-saas.html]
[appstack.bootlab.io/img/photos/unsplash-2.jpg]
[appstack.bootlab.io/img/photos/unsplash-3.jpg]
[appstack.bootlab.io/img/photos/unsplash-1.jpg]
[appstack.bootlab.io/dashboard-social.html]
[appstack.bootlab.io/dashboard-crypto.html]
[appstack.bootlab.io/pages-profile.html]
[appstack.bootlab.io/pages-settings.html]
[appstack.bootlab.io/pages-clients.html]
[appstack.bootlab.io/pages-projects-list.html]
[appstack.bootlab.io/pages-projects-detail.html]
[appstack.bootlab.io/pages-invoice.html]
[appstack.bootlab.io/pages-pricing.html]
[appstack.bootlab.io/pages-tasks.html]
[appstack.bootlab.io/pages-chat.html]
[appstack.bootlab.io/pages-blank.html]
[appstack.bootlab.io/pages-sign-in.html]
[appstack.bootlab.io/pages-sign-up.html]
[appstack.bootlab.io/pages-reset-password.html]
[appstack.bootlab.io/pages-404.html]
[appstack.bootlab.io/pages-500.html]
[appstack.bootlab.io/docs-introduction.html]
[appstack.bootlab.io/docs-installation.html]
[appstack.bootlab.io/docs-customization.html]
[appstack.bootlab.io/docs-plugins.html]
[appstack.bootlab.io/docs-changelog.html]
[appstack.bootlab.io/ui-alerts.html]
[appstack.bootlab.io/ui-buttons.html]
[appstack.bootlab.io/ui-cards.html]
[appstack.bootlab.io/ui-carousel.html]
[appstack.bootlab.io/ui-embed-video.html]
[appstack.bootlab.io/ui-general.html]
[appstack.bootlab.io/ui-grid.html]
[appstack.bootlab.io/ui-modals.html]
[appstack.bootlab.io/ui-offcanvas.html]
[appstack.bootlab.io/ui-placeholders.html]
[appstack.bootlab.io/ui-tabs.html]
[appstack.bootlab.io/ui-typography.html]
[appstack.bootlab.io/icons-feather.html]
[appstack.bootlab.io/icons-font-awesome.html]
[appstack.bootlab.io/forms-layouts.html]
[appstack.bootlab.io/forms-basic-inputs.html]
[appstack.bootlab.io/forms-input-groups.html]
[appstack.bootlab.io/forms-floating-labels.html]
[appstack.bootlab.io/tables-bootstrap.html]
[appstack.bootlab.io/forms-advanced-inputs.html]
[appstack.bootlab.io/forms-editors.html]
[appstack.bootlab.io/forms-validation.html]
[appstack.bootlab.io/forms-wizard.html]
[appstack.bootlab.io/tables-datatables-responsive.html]
[appstack.bootlab.io/tables-datatables-buttons.html]
[appstack.bootlab.io/tables-datatables-column-search.html]
[appstack.bootlab.io/tables-datatables-fixed-header.html]
[appstack.bootlab.io/tables-datatables-multi.html]
[cdnjs.cloudflare.com/ajax/libs/highlight.js/9.12.0/highlight.min.js]
[appstack.bootlab.io/tables-datatables.6b.delayed]
[appstack.bootlab.io/tables-datatables-ajax.html]
[appstack.bootlab.io/charts-chartjs.html]
[appstack.bootlab.io/charts-apexcharts.html]
[appstack.bootlab.io/notifications.html]
[appstack.bootlab.io/maps-google.html]
[appstack.bootlab.io/maps-vector.html]
[appstack.bootlab.io/calendar.html]
[appstack.bootlab.io/index-2.html]
[appstack.bootlab.io/dashboard-defaultd976.html]
[appstack.bootlab.io/dashboard-defaultc765.html]
[appstack.bootlab.io/dashboard-default4965.html]
[appstack.bootlab.io/dashboard-defaultc7f2.html]
[appstack.bootlab.io/dashboard-default6a08.html]
[appstack.bootlab.io/dashboard-default6534.html]
[appstack.bootlab.io/img/brands/bootstrap.svg]
[appstack.bootlab.io/tables-datatables.html]
